// Jest Snapshot v1, https://goo.gl/fbAQLP

exports[`VCarouselItem.js should render component and match snapshot 1`] = `

<div class="v-carousel__item v-responsive v-image"
     style="height: 100%; display: none;"
>
  <div class="v-responsive__content">
  </div>
</div>

`;

exports[`VCarouselItem.js should throw warning when not used inside v-carousel 1`] = `

<div class="v-carousel__item v-responsive v-image"
     style="height: 100%; display: none;"
>
  <div class="v-responsive__content">
  </div>
</div>

`;
